{
  "Object": {"PublicKey": "0x0000000000000000000000000000000000000000000000000000000012345678"},
  "Hex": "0000000000000000000000000000000000000000000000000000000012345678"
}
{
  "Object": {"PublicKey": "0x1234000000000000000000000000000000000000000000000000000000000001"},
  "Hex": "1234000000000000000000000000000000000000000000000000000000000001"
}
