{
  "Object": {
    "Nonce": 1543,
    "GasPrice": 111222333
  },
  "Hex": "1d18f678841a"
}
