{
  "Object": {
    "Nonce": 1543,
    "GasPrice": 256
  },
  "Hex": "1d180104"
}
