{
  "Object": {
    "Arguments": {
      "Destination": [
        0,
        0,
        0,
        0,
        0,
        0,
        0,
        0,
        0,
        0,
        0,
        0,
        0,
        0,
        0,
        0,
        0,
        3,
        51,
        51
      ],
      "Amount": 156
    },
    "Nonce": {
      "Counter": 1543,
      "Bitfield": 0
    },
    "GasPrice": 111222333
  },
  "Hex": "000000000000000000000000000000000003333371021d1800f678841a"
}
