{
  "Object": {
    "Destination": [
      0,
      0,
      0,
      0,
      0,
      0,
      0,
      0,
      0,
      0,
      0,
      0,
      0,
      0,
      0,
      0,
      0,
      3,
      51,
      51
    ],
    "Amount": 351
  },
  "Hex": "00000000000000000000000000000000000333337d05"
}